[code.google.com/p/navx-mxp/wiki/TableOfContents.html]
[backblue.gif]
[fade.gif]
[index.html]
[ssl.gstatic.com/codesite/ph/images/dropdown_sprite.gif]
[apis.google.com/js/plusone.js]
[code.google.com/p/navx-mxp/wiki/TableOfContents9f2d.html]
[ssl.gstatic.com/codesite/ph/images/plus.gif]
[ssl.gstatic.com/codesite/ph/images/minus.gif]
[code.google.com/p/navx-mxp/wiki/Purchasing.html]
[code.google.com/p/navx-mxp/wiki/FAQ.html]
[code.google.com/p/navx-mxp/wiki/RoboRioInstall.html]
[code.google.com/p/navx-mxp/wiki/MXPIOExpansion.html]
[code.google.com/p/navx-mxp/wiki/Orientation.html]
[code.google.com/p/navx-mxp/wiki/AdvancedInstallOptions.html]
[code.google.com/p/navx-mxp/wiki/GyroAccelCalibration.html]
[code.google.com/p/navx-mxp/wiki/Calibration.html]
[code.google.com/p/navx-mxp/wiki/navXMXPUI.html]
[code.google.com/p/navx-mxp/wiki/Enclosure.html]
[code.google.com/p/navx-mxp/wiki/Acknowledgements.html]
[code.google.com/p/navx-mxp/wiki/CPlusPlus.html]
[code.google.com/p/navx-mxp/wiki/Java.html]
[code.google.com/p/navx-mxp/wiki/Labview.html]
[code.google.com/p/navx-mxp/wiki/IMUClass.html]
[code.google.com/p/navx-mxp/wiki/IMUAdvanced.html]
[code.google.com/p/navx-mxp/wiki/FieldOrientedDrive.html]
[code.google.com/p/navx-mxp/wiki/AutoBalancingExample.html]
[code.google.com/p/navx-mxp/wiki/RotateToAngleExample.html]
[code.google.com/p/navx-mxp/wiki/MotionDetection.html]
[code.google.com/p/navx-mxp/wiki/FirmwareInstallation.html]
[code.google.com/p/navx-mxp/wiki/Troubleshooting.html]
[code.google.com/p/navx-mxp/wiki/FactoryTestProcedure.html]
[code.google.com/p/navx-mxp/wiki/Support.html]
[code.google.com/p/navx-mxp/wiki/Specifications.html]
[code.google.com/p/navx-mxp/wiki/SerialProtocolBasic.html]
[code.google.com/p/navx-mxp/wiki/SerialProtocolAdvanced.html]
[code.google.com/p/navx-mxp/wiki/I2C_SPI_Protocols.html]
[code.google.com/p/navx-mxp/wiki/References.html]
[code.google.com/p/navx-mxp/wiki/FirmwareCustomization.html]
[ssl.gstatic.com/codesite/ph/18133036155640238800/js/prettify/prettify.js]
[ssl.gstatic.com/codesite/ph/18133036155640238800/js/dit_scripts.js]
[ssl.gstatic.com/codesite/ph/18133036155640238800/js/ph_core.js]
[ssl.gstatic.com/codesite/ph/18133036155640238800/js/ph_dwiki.js]
[code.google.com/p/navx-mxp/wiki/TableOfContents.html]
[ssl.gstatic.com/codesite/ph/images/button-bg.gif]
[ssl.gstatic.com/codesite/ph/18133036155640238800/css/sprite.png]
[ssl.gstatic.com/codesite/ph/18133036155640238800/css/core.css]
[ssl.gstatic.com/codesite/ph/18133036155640238800/css/ph_detail.css]
[code.google.com/p/navx-mxp/wiki/TableOfContents9f2d.html]
[www.kauailabs.com/store/image/data/andymark_store_logo.png]
[www.kauailabs.com/store/image/data/kauailabs_store_logo.png]
[code.google.com/p/navx-mxp/wiki/Purchasing.html]
[code.google.com/p/navx-mxp/wiki/FAQ.html]
[www.kauailabs.com/store/image/data/MountingOnARoboRio.jpg]
[navx-mxp.googlecode.com/svn/trunk/images/navx-mxp-screws.png]
[code.google.com/p/navx-mxp/wiki/RoboRioInstall.html]
[www.kauailabs.com/store/image/data/navx_mxp_boardphoto_top_annotated.jpg]
[code.google.com/p/navx-mxp/wiki/YawDrift.html]
[code.google.com/p/navx-mxp/wiki/MXPIOExpansion.html]
[code.google.com/p/navx-mxp/wiki/Orientation.html]
[cdn3.volusion.com/vyfsn.knvgw/v/vspfiles/photos/am-2997-1559a.jpg]
[navx-mxp.googlecode.com/svn/trunk/images/usb_minib_cable.png]
[www.kauailabs.com/store/image/data/navx-mxp-connector-closeup.png]
[code.google.com/p/navx-mxp/wiki/AdvancedInstallOptions.html]
[navx-mxp.googlecode.com/svn/trunk/images/CalibrationProcess.png]
[code.google.com/p/navx-mxp/wiki/GyroAccelCalibration.html]
[api.ning.com/files/CrfMSzuE5d5EQch4Qbvg5PxnA7D9RpLJOhGGIHxpTthRjxA8G0JVjwSzivhTEeOfia91wHWH9xlWgjcXEfH9oktAi_3useJS/matrix.png]
[navx-mxp.googlecode.com/svn/trunk/images/navxmagcalibrator_startmenu.png]
[navx-mxp.googlecode.com/svn/trunk/images/navxmagcalibrator_startup.png]
[navx-mxp.googlecode.com/svn/trunk/images/navxmagcalibrator_axisdialog.png]
[navx-mxp.googlecode.com/svn/trunk/images/navxmagcalibrator_firstdatapoint.png]
[navx-mxp.googlecode.com/svn/trunk/images/navxmagcalibrator_alldatapoints.png]
[navx-mxp.googlecode.com/svn/trunk/images/navxmagcalibrator_xform_and_bias.png]
[navx-mxp.googlecode.com/svn/trunk/images/navxmagcalibrator_apply.png]
[code.google.com/p/navx-mxp/wiki/Calibration.html]
[navx-mxp.googlecode.com/svn/trunk/images/navxmxpui_annotated.png]
[code.google.com/p/navx-mxp/wiki/navXMXPUI.html]
[code.google.com/p/navx-mxp/wiki/Enclosure.html]
[code.google.com/p/navx-mxp/wiki/Acknowledgements.html]
[code.google.com/p/navx-mxp/wiki/CPlusPlus.html]
[code.google.com/p/navx-mxp/wiki/Java.html]
[code.google.com/p/navx-mxp/wiki/Labview.html]
[code.google.com/p/navx-mxp/wiki/IMUClass.html]
[code.google.com/p/navx-mxp/wiki/IMUAdvanced.html]
[www.kauailabs.com/store/image/data/OmniDirectionalDrive.png]
[code.google.com/p/navx-mxp/wiki/FieldOrientedDrive.html]
[code.google.com/p/navx-mxp/wiki/AutoBalancingExample.html]
[code.google.com/p/navx-mxp/wiki/RotateToAngleExample.html]
[code.google.com/p/navx-mxp/wiki/MotionDetection.html]
[code.google.com/p/navx-mxp/wiki/FirmwareInstallation.html]
[navx-mxp.googlecode.com/svn/trunk/images/roborio_webdashboard_ports.png]
[code.google.com/p/navx-mxp/wiki/Troubleshooting.html]
[code.google.com/p/navx-mxp/wiki/FactoryTestProcedure.html]
[code.google.com/p/navx-mxp/wiki/Support.html]
[code.google.com/p/navx-mxp/wiki/Specifications.html]
[code.google.com/p/navx-mxp/wiki/SerialProtocolBasic.html]
[code.google.com/p/navx-mxp/wiki/SerialProtocolAdvanced.html]
[navx-mxp.googlecode.com/svn/trunk/images/spi_polarity_and_phase.png]
[code.google.com/p/navx-mxp/wiki/I2C_SPI_Protocols.html]
[code.google.com/p/navx-mxp/wiki/References.html]
[code.google.com/p/navx-mxp/wiki/FirmwareCustomization.html]
[code.google.com/p/navx-mxp/wiki/YawDrift.html]
